// Jest Snapshot v1, https://goo.gl/fbAQLP

exports[`epub30-test-0100 - Tests for Content Documents in a reflowable context should have one or multiple creators 1`] = `
Array [
  Object {
    "id": "creator1",
    "meta": Object {
      "property": "role",
      "refines": "#creator1",
      "scheme": "marc:relators",
      "text": "aut",
    },
    "text": "Markus Gylling",
  },
  Object {
    "id": "creator2",
    "meta": Object {
      "property": "role",
      "refines": "#creator2",
      "scheme": "marc:relators",
      "text": "aut",
    },
    "text": "Vincent Gros",
  },
  Object {
    "id": "creator3",
    "meta": Object {
      "property": "role",
      "refines": "#creator3",
      "scheme": "marc:relators",
      "text": "aut",
    },
    "text": "Toshiaki Koike",
  },
  Object {
    "id": "creator4",
    "meta": Object {
      "property": "role",
      "refines": "#creator4",
      "scheme": "marc:relators",
      "text": "aut",
    },
    "text": "Marisa DeMeglio",
  },
  Object {
    "id": "creator5",
    "meta": Object {
      "property": "role",
      "refines": "#creator5",
      "scheme": "marc:relators",
      "text": "aut",
    },
    "text": "Matt Garrish",
  },
  Object {
    "id": "creator6",
    "meta": Object {
      "property": "role",
      "refines": "#creator6",
      "scheme": "marc:relators",
      "text": "aut",
    },
    "text": "Ori Idan",
  },
]
`;

exports[`epub30-test-0130 - Tests for right-to-left page progression and vertical writing mode languages in a reflowable context should have one or multiple creators 1`] = `
Array [
  Object {
    "id": "creator1",
    "meta": Object {
      "property": "role",
      "refines": "#creator1",
      "scheme": "marc:relators",
      "text": "aut",
    },
    "text": "Markus Gylling",
  },
  Object {
    "id": "creator2",
    "meta": Object {
      "property": "role",
      "refines": "#creator2",
      "scheme": "marc:relators",
      "text": "aut",
    },
    "text": "Vincent Gros",
  },
  Object {
    "id": "creator3",
    "meta": Object {
      "property": "role",
      "refines": "#creator3",
      "scheme": "marc:relators",
      "text": "aut",
    },
    "text": "Toshiaki Koike",
  },
  Object {
    "id": "creator4",
    "meta": Object {
      "property": "role",
      "refines": "#creator4",
      "scheme": "marc:relators",
      "text": "aut",
    },
    "text": "Ori Idan",
  },
]
`;
