// Jest Snapshot v1, https://goo.gl/fbAQLP

exports[`epub30-test-0100 - Tests for Content Documents in a reflowable context should have one or multiple creators 1`] = `
Array [
  Object {
    "id": "creator1",
    "property": "role",
    "refines": "#creator1",
    "scheme": "marc:relators",
    "text": "aut",
  },
  Object {
    "id": "creator2",
    "property": "role",
    "refines": "#creator2",
    "scheme": "marc:relators",
    "text": "aut",
  },
  Object {
    "id": "creator3",
    "property": "role",
    "refines": "#creator3",
    "scheme": "marc:relators",
    "text": "aut",
  },
  Object {
    "id": "creator4",
    "property": "role",
    "refines": "#creator4",
    "scheme": "marc:relators",
    "text": "aut",
  },
  Object {
    "id": "creator5",
    "property": "role",
    "refines": "#creator5",
    "scheme": "marc:relators",
    "text": "aut",
  },
  Object {
    "id": "creator6",
    "property": "role",
    "refines": "#creator6",
    "scheme": "marc:relators",
    "text": "aut",
  },
]
`;
