// Jest Snapshot v1, https://goo.gl/fbAQLP

exports[`node-epub should read epub metadata from file 1`] = `
Object {
  "contributor": Object {
    "id": "contributor",
    "text": "Pages Publishing macOS v1.0",
  },
  "creator": Object {
    "id": "creator",
    "text": "Richard",
  },
  "date": "2020-02-12",
  "identifier": Object {
    "id": "BookId",
    "text": "345A4F7A-D930-4545-B1E4-3FAF38917550",
  },
  "language": "en",
  "meta": Array [
    Object {
      "property": "role",
      "refines": "#creator",
      "scheme": "marc:relators",
      "text": "aut",
    },
    Object {
      "content": "Pages Publishing macOS v1.0",
      "name": "generator",
    },
    Object {
      "property": "role",
      "refines": "#contributor",
      "scheme": "marc:relators",
      "text": "bkp",
    },
    Object {
      "property": "dcterms:modified",
      "text": "2020-02-12T11:01:47Z",
    },
    Object {
      "property": "ibooks:specified-fonts",
      "text": true,
    },
    Object {
      "property": "ibooks:version",
      "text": 1,
    },
    Object {
      "content": "cover-image",
      "name": "cover",
    },
  ],
  "subject": "Reference",
  "title": "Lorem ipsum",
}
`;

exports[`node-epub should read epub metadata from file 2`] = `
Object {
  "item": Array [
    Object {
      "href": "toc.xhtml",
      "id": "toc",
      "media-type": "application/xhtml+xml",
      "properties": "nav",
    },
    Object {
      "href": "cover.xhtml",
      "id": "cover",
      "media-type": "application/xhtml+xml",
    },
    Object {
      "href": "chapter-1.xhtml",
      "id": "chapter-1",
      "media-type": "application/xhtml+xml",
      "properties": "scripted",
    },
    Object {
      "href": "images/cover-image.png",
      "id": "cover-image",
      "media-type": "image/png",
    },
    Object {
      "href": "css/book.css",
      "id": "stylesheet",
      "media-type": "text/css",
    },
    Object {
      "href": "js/book.js",
      "id": "javascript",
      "media-type": "text/javascript",
    },
    Object {
      "href": "epb.ncx",
      "id": "ncx",
      "media-type": "application/x-dtbncx+xml",
    },
  ],
}
`;

exports[`node-epub should read epub metadata from file 3`] = `
Object {
  "itemref": Array [
    Object {
      "idref": "cover",
      "linear": "no",
    },
    Object {
      "idref": "chapter-1",
      "linear": "yes",
    },
  ],
  "toc": "ncx",
}
`;

exports[`node-epub should read epub metadata from file 4`] = `
Object {
  "reference": Array [
    Object {
      "href": "toc.xhtml",
      "title": "Table Of Contents",
      "type": "toc",
    },
    Object {
      "href": "chapter-1.xhtml",
      "title": "Chapter 1",
      "type": "text",
    },
  ],
}
`;
